airshipctl is a unified entrypoint to various airship components

Usage:
  airshipctl [command]

Available Commands:
  bootstrap   Bootstrap ephemeral Kubernetes cluster
  cluster     Control Kubernetes cluster
  completion  Generate autocompletions script for the specified shell (bash or zsh)
  config      Modify airshipctl config files
  document    manages deployment documents
  help        Help about any command
  kubectl     kubectl controls the Kubernetes cluster manager
  version     Show the version number of airshipctl

Flags:
      --airshipconf string   Path to file for airshipctl configuration. (default "$HOME/.airship/config")
      --debug                enable verbose output
  -h, --help                 help for airshipctl
      --kubeconfig string    Path to kubeconfig associated with airshipctl configuration. (default "$HOME/.airship/kubeconfig")

Use "airshipctl [command] --help" for more information about a command.
