manages deployment documents

Usage:
  document [command]

Available Commands:
  help        Help about any command
  render      Render documents from model
  secret      manages secrets

Flags:
  -h, --help   help for document

Use "document [command] --help" for more information about a command.
